{
  "version": "1.5.0",
  "plugins_used": [
    {
      "name": "ArtifactoryDetector"
    },
    {
      "name": "AWSKeyDetector"
    },
    {
      "name": "AzureStorageKeyDetector"
    },
    {
      "name": "Base64HighEntropyString",
      "limit": 4.5
    },
    {
      "name": "BasicAuthDetector"
    },
    {
      "name": "CloudantDetector"
    },
    {
      "name": "DiscordBotTokenDetector"
    },
    {
      "name": "GitHubTokenDetector"
    },
    {
      "name": "GitLabTokenDetector"
    },
    {
      "name": "HexHighEntropyString",
      "limit": 3.0
    },
    {
      "name": "IbmCloudIamDetector"
    },
    {
      "name": "IbmCosHmacDetector"
    },
    {
      "name": "IPPublicDetector"
    },
    {
      "name": "JwtTokenDetector"
    },
    {
      "name": "KeywordDetector",
      "keyword_exclude": ""
    },
    {
      "name": "MailchimpDetector"
    },
    {
      "name": "NpmDetector"
    },
    {
      "name": "OpenAIDetector"
    },
    {
      "name": "PrivateKeyDetector"
    },
    {
      "name": "PypiTokenDetector"
    },
    {
      "name": "SendGridDetector"
    },
    {
      "name": "SlackDetector"
    },
    {
      "name": "SoftlayerDetector"
    },
    {
      "name": "SquareOAuthDetector"
    },
    {
      "name": "StripeDetector"
    },
    {
      "name": "TelegramBotTokenDetector"
    },
    {
      "name": "TwilioKeyDetector"
    }
  ],
  "filters_used": [
    {
      "path": "detect_secrets.filters.allowlist.is_line_allowlisted"
    },
    {
      "path": "detect_secrets.filters.common.is_baseline_file",
      "filename": ".secrets.baseline"
    },
    {
      "path": "detect_secrets.filters.common.is_ignored_due_to_verification_policies",
      "min_level": 2
    },
    {
      "path": "detect_secrets.filters.heuristic.is_indirect_reference"
    },
    {
      "path": "detect_secrets.filters.heuristic.is_likely_id_string"
    },
    {
      "path": "detect_secrets.filters.heuristic.is_lock_file"
    },
    {
      "path": "detect_secrets.filters.heuristic.is_not_alphanumeric_string"
    },
    {
      "path": "detect_secrets.filters.heuristic.is_potential_uuid"
    },
    {
      "path": "detect_secrets.filters.heuristic.is_prefixed_with_dollar_sign"
    },
    {
      "path": "detect_secrets.filters.heuristic.is_sequential_string"
    },
    {
      "path": "detect_secrets.filters.heuristic.is_swagger_file"
    },
    {
      "path": "detect_secrets.filters.heuristic.is_templated_secret"
    },
    {
      "path": "detect_secrets.filters.regex.should_exclude_file",
      "pattern": [
        "(uv\\.lock|\\.terraform\\.lock\\.hcl|\\.terraform/)"
      ]
    }
  ],
  "results": {
    ".pre-commit-config.yaml": [
      {
        "type": "Hex High Entropy String",
        "filename": ".pre-commit-config.yaml",
        "hashed_secret": "26f89e75489173ffe046cc843b9a983e65020901",
        "is_verified": false,
        "line_number": 3
      },
      {
        "type": "Hex High Entropy String",
        "filename": ".pre-commit-config.yaml",
        "hashed_secret": "86242b7a7b67c1fd83514757a6b319602d648e94",
        "is_verified": false,
        "line_number": 21
      },
      {
        "type": "Hex High Entropy String",
        "filename": ".pre-commit-config.yaml",
        "hashed_secret": "2107bb6c110b7efbcb15854dcc6e45ec05847226",
        "is_verified": false,
        "line_number": 28
      },
      {
        "type": "Hex High Entropy String",
        "filename": ".pre-commit-config.yaml",
        "hashed_secret": "a97fc14927013fd34c84eea02f443afc16894910",
        "is_verified": false,
        "line_number": 33
      },
      {
        "type": "Hex High Entropy String",
        "filename": ".pre-commit-config.yaml",
        "hashed_secret": "d544c32ce7e5fac2764cd7c4d485770a8bcad8ea",
        "is_verified": false,
        "line_number": 39
      },
      {
        "type": "Hex High Entropy String",
        "filename": ".pre-commit-config.yaml",
        "hashed_secret": "f2a110bbe7ce45aff1db6f4579731bc56572c8b8",
        "is_verified": false,
        "line_number": 44
      },
      {
        "type": "Hex High Entropy String",
        "filename": ".pre-commit-config.yaml",
        "hashed_secret": "b792cef9a95cc380468d5b8615b041dbeaab314d",
        "is_verified": false,
        "line_number": 50
      },
      {
        "type": "Hex High Entropy String",
        "filename": ".pre-commit-config.yaml",
        "hashed_secret": "f8ea150202831aa7c5f1bdc4f159508936fafc7e",
        "is_verified": false,
        "line_number": 57
      },
      {
        "type": "Hex High Entropy String",
        "filename": ".pre-commit-config.yaml",
        "hashed_secret": "eea6175b95028e93e77400eed27e5932e1415220",
        "is_verified": false,
        "line_number": 69
      },
      {
        "type": "Hex High Entropy String",
        "filename": ".pre-commit-config.yaml",
        "hashed_secret": "fdd15088ccfba8ae9b3d72d1cf0d4f80d11ec86d",
        "is_verified": false,
        "line_number": 88
      }
    ],
    "infra/terraform/tests/mocks/aws.tfmock.hcl": [
      {
        "type": "Secret Keyword",
        "filename": "infra/terraform/tests/mocks/aws.tfmock.hcl",
        "hashed_secret": "061e149c2a12dc2efe13483fe8cc466918d903ca",
        "is_verified": false,
        "line_number": 71
      },
      {
        "type": "Secret Keyword",
        "filename": "infra/terraform/tests/mocks/aws.tfmock.hcl",
        "hashed_secret": "2bb6b986c5d6fb26dd9dd1054b545ce022371b0c",
        "is_verified": false,
        "line_number": 72
      }
    ]
  },
  "generated_at": "2026-09-28T05:26:10Z"
}
